  /Users/kanishkgupta/Desktop/aakhribaar_glm/android/app/src/main/java/app/senseheaven/child/services/GuardService.kt:175: Error: Call requires API level 29 (current min is 26): android.app.Service#startForeground [NewApi]
          startForeground(NOTIFICATION_ID, notification, ServiceInfo.FOREGROUND_SERVICE_TYPE_CAMERA)
          ~~~~~~~~~~~~~~~
  
     Explanation for issues of type "NewApi":
     This check scans through all the Android API calls in the application and
     warns about any calls that are not available on all versions targeted by
     this application (according to its minimum SDK attribute in the manifest).
  
     If you really want to use this API and don't need to support older devices
     just set the minSdkVersion in your build.gradle or AndroidManifest.xml
     files.
  
     If your code is deliberately accessing newer APIs, and you have ensured
     (e.g. with conditional execution) that this code will only ever be called
     on a supported platform, then you can annotate your class or method with
     the @TargetApi annotation specifying the local minimum SDK to apply, such
     as @TargetApi(11), such that this check considers 11 rather than your
     manifest file's minimum SDK as the required API level.
  
     If you are deliberately setting android: attributes in style definitions,
     make sure you place this in a values-vNN folder in order to avoid running
     into runtime conflicts on certain devices where manufacturers have added
     custom attributes whose ids conflict with the new ones on later platforms.
  
     Similarly, you can use tools:targetApi="11" in an XML file to indicate that
     the element will only be inflated in an adequate context.
  
  
  The full lint text report is located at:
    /Users/kanishkgupta/Desktop/aakhribaar_glm/android/app/build/intermediates/lint_intermediate_text_report/debug/lintReportDebug/lint-results-debug.txt

* Try:
> Run with --stacktrace option to get the stack trace.
> Run with --info or --debug option to get more log output.
> Run with --scan to get full insights.
> Get more help at https://help.gradle.org.

BUILD FAILED in 5s
30 actionable tasks: 1 executed, 29 up-to-date
