PASS ml tests
PASS task hash
PASS model card
PASS git hygiene
PASS ruff
PASS placeholders
BLOCKED_ON_H3 dataset — FER2013 not present — complete H3 (see SETUP_REQUIRED.md), then: make ml-data ml-features
BLOCKED_ON_H3 features — needs the dataset (detection rate >= 0.50 bar)
BLOCKED_ON_H3 model bars — needs extraction + training (ROC-AUC >= 0.75, balanced accuracy >= 0.68, recall >= 0.60, false-alarm <= 0.35)
BLOCKED_ON_H3 model json — produced by make ml-export after training (<= 20 KB, validator-clean)
BLOCKED_ON_H3 vectors — generated from the trained model; Kotlin parity depends on them
FAIL regression: previous gate (exit 1) — last lines:
    PASS tests
    PASS no-skips
    PASS idor
    PASS security
    PASS openapi
    PASS virtual child
    FAIL lint (exit 1) — last lines:
        E501 Line too long (156 > 130)
          --> app/middleware.py:8:131
           |
         6 | …
         7 | …
         8 | …L9xWiyWKkBdP5gOkx1/M=' 'sha256-qmDYHsvQtl4SIstx1bCCYTQdTu++NZnfxwMcENTH4l4='; "
           |                                                       ^^^^^^^^^^^^^^^^^^^^^^^^^^
         9 | …inline'; "
        10 | …
           |
        
        Found 1 error.
    PASS placeholders
    PASS regression: previous gate
    gate-2: verdict FAIL — written to verification/phase-2.json
gate-3: verdict FAIL — written to verification/phase-3.json
